// Jest Snapshot v1, https://goo.gl/fbAQLP

exports[`Component is mounted properly 1`] = `
<div>
  <div class="calendar-tabs">
    <div class="calendar-tabs__tab--active"><span>Data</span></div>
    <div class="calendar-tabs__tab--inactive"><span>Hora</span></div>
  </div>
  <div class="calendar-container">
    <v-date-picker-stub locale="pt-BR" mode="date" modelconfig="[object Object]" popover="[object Object]" attributes="[object Object]" is-inline=""></v-date-picker-stub>
    <!---->
  </div>
</div>
`;
