// Jest Snapshot v1, https://goo.gl/fbAQLP

exports[`Checkbox tests if component mounts correctly 1`] = `
<span id="cds-checkbox"><div class="custom-control custom-checkbox"><input type="checkbox" class="custom-control-input" value="true" id="__BVID__4"><label class="custom-control-label" for="__BVID__4">
			checkbox test
		</label></div></span>
`;
