// Jest Snapshot v1, https://goo.gl/fbAQLP

exports[`Component is mounted properly 1`] = `
<div class="dashboard-card">
  <div>
    <div class="dashboard-card__header">
      <p class="dashboard-card__title">
        Card title
      </p>
      <div></div>
    </div>
    <p class="dashboard-card__description">
      Card description
    </p>
  </div>
  <div class="dashboard-card__action">
    <div>
      See more
    </div>
  </div>
</div>
`;
