// Jest Snapshot v1, https://goo.gl/fbAQLP

exports[`Component is mounted properly 1`] = `
<div class="empty-state"><img src="" alt="Imagem de Empty State" class="empty-state__image">
  <div class="empty-state__title">
    EmptyState title
  </div>
  <div class="empty-state__text">
    EmptyState text
  </div> <span id="cds-button" class="empty-state__button"><button class="button__container button--green--active button-size--md">
		Finalizar
	</button></span>
</div>
`;
