// Jest Snapshot v1, https://goo.gl/fbAQLP

exports[`Component is mounted properly 1`] = `
<div class="panel-card">
  <div class="panel-card__header">
    <div><span class="panel-card__title">Redes</span> <br> <span class="panel-card__subtitle">Habilite as redes da regulação</span></div>
    <div class="ml-auto"></div>
  </div>
  <hr class="panel-card__divider">
  <div class="panel-card__content"></div>
</div>
`;
