// Jest Snapshot v1, https://goo.gl/fbAQLP

exports[`Component is mounted properly 1`] = `
<svg viewBox="0 0 36 36" height="24" width="24" class="progress-circular">
  <path stroke="#CED4DA" stroke-width="3.5" d="M18 2.0845
		a 15.9155 15.9155 0 0 1 0 31.831
		a 15.9155 15.9155 0 0 1 0 -31.831" class="progress-circular__ring-background"></path>
  <path stroke="#2EB88D" stroke-dasharray="33, 100" stroke-width="2.5" d="M18 2.0845
		a 15.9155 15.9155 0 0 1 0 31.831
		a 15.9155 15.9155 0 0 1 0 -31.831" class="progress-circular__ring-progress"></path> <text x="18" y="21.7" fill="#303A44" class="progress-circular__label--reduced">
    33%
  </text>
</svg>
`;
