// Jest Snapshot v1, https://goo.gl/fbAQLP

exports[`Component is mounted properly 1`] = `
<span id="progressBar"><div class="bar"><span class="bar__text">
			67%
		</span>
<div class="bar__content" style="--backgroundColor: #DDE2E7;">
  <div class="bar__indicator" style="--width: 67%; --color: #2EB88D;"></div>
</div>
</div>
</span>
`;
