// Jest Snapshot v1, https://goo.gl/fbAQLP

exports[`Component is mounted properly 1`] = `
<div class="select"><label for="cds-select" class="select__label"><span>
			Label
		</span>
    <!---->
  </label>
  <div class="select__container select__container--fit"><input id="cds-select" type="text" onkeypress="return false;" placeholder="Selecione..." class="select__input--closed select__input--default select__input--fit">
    <div class="select__options select__options--default" style="display: none;">
      <ul class="option__container">
        <li class="option__text">
          foo
        </li>
        <li class="option__text">
          bar
        </li>
      </ul>
    </div> <span class="select__chevron--closed"></span>
  </div>
</div>
`;
