// Jest Snapshot v1, https://goo.gl/fbAQLP

exports[`Component is mounted properly 1`] = `
<span id="statusItem"><div class="d-flex pt-2"><div class="p-3"><i class="material-icons success-icon">
				check_circle
			</i></div> <div class="w-100"><div class="font-weight-bold fs-18">
				Test title
			</div> <div class="py-1 subtitle"><span>Test subtitle</span></div>
<!---->
</div>
</div></span>
`;
