// Jest Snapshot v1, https://goo.gl/fbAQLP

exports[`Component is mounted properly 1`] = `
<span id="status-item"><div class="item__container"><div class="icon__container"><i class="material-icons icon--success">
				check_circle
			</i></div> <div class="content__container"><div class="content__title">
				Test title
			</div> <div class="content__subtitle"><span>Test subtitle</span></div>
<!---->
</div>
</div></span>
`;
