// Jest Snapshot v1, https://goo.gl/fbAQLP

exports[`Component is mounted properly 1`] = `
<div><label for="stepper-input-number">Microarea</label>
  <div class="stepper-input"><input id="stepper-input-number" type="number" class="stepper-input__field">
    <div class="stepper-input__icon-container"><button class="stepper-input__icon--plus"><svg xmlns="http://www.w3.org/2000/svg" width="1em" height="1em" viewBox="0 0 24 24" fill="none" stroke="currentColor" stroke-width="2" stroke-linecap="round" stroke-linejoin="round" class="custom-class feather feather-plus">
          <line x1="12" y1="5" x2="12" y2="19"></line>
          <line x1="5" y1="12" x2="19" y2="12"></line>
        </svg></button> <button class="stepper-input__icon--minus"><svg xmlns="http://www.w3.org/2000/svg" width="1em" height="1em" viewBox="0 0 24 24" fill="none" stroke="currentColor" stroke-width="2" stroke-linecap="round" stroke-linejoin="round" class="custom-class feather feather-minus">
          <line x1="5" y1="12" x2="19" y2="12"></line>
        </svg></button></div>
  </div>
</div>
`;
