// Jest Snapshot v1, https://goo.gl/fbAQLP

exports[`Component is mounted properly 1`] = `
<div class="stepper d-flex justify-content-between">
  <div class="w-50">
    <div class="stepper__edge d-flex align-items-center">
      <div class="stepper__divider--default"></div>
    </div>
  </div>
  <div class="w-100">
    <div id="step-1" class="d-flex align-items-center">
      <div class="d-flex justify-content-center align-items-center cursor-pointer stepper__step--completed"><svg xmlns="http://www.w3.org/2000/svg" width="1em" height="1em" viewBox="0 0 24 24" fill="none" stroke="currentColor" stroke-width="2" stroke-linecap="round" stroke-linejoin="round" class="feather feather-check">
          <polyline points="20 6 9 17 4 12"></polyline>
        </svg></div>
      <div class="stepper__divider--in-progress"></div>
    </div>
    <div class="stepper__step-label mt-2 stepper__step-label--muted"><small>Dummy label 1</small></div>
  </div>
  <div class="w-100">
    <div id="step-2" class="d-flex align-items-center">
      <div class="d-flex justify-content-center align-items-center cursor-pointer stepper__step--active"><span class="fs-14">
					2
				</span></div>
      <div class="stepper__divider--default"></div>
    </div>
    <div class="stepper__step-label mt-2"><small>Dummy label 3</small></div>
  </div>
  <div class="">
    <div id="step-3" class="d-flex align-items-center">
      <div class="d-flex justify-content-center align-items-center cursor-pointer  stepper__step--muted"><span class="fs-14">
					3
				</span></div>
      <div class="stepper__divider--default"></div>
    </div>
    <div class="stepper__step-label mt-2 stepper__step-label--muted"><small>Dummy label 2</small></div>
  </div>
  <div class="w-50">
    <div class="d-flex align-items-center stepper__edge">
      <div class="stepper__divider--default"></div>
    </div>
  </div>
</div>
`;
