// Jest Snapshot v1, https://goo.gl/fbAQLP

exports[`component is mounted properly 1`] = `
<div><span><label for="cds-text-area" class="textarea__label"><span>
				Uma verdade difícil de engolir
			</span>
  <!----></label></span>
  <div class="textarea"><textarea id="textarea" placeholder="Digite aqui a descrição" class="textarea__input"></textarea>
    <div class="textarea__icon-container">
      <!---->
      <!---->
      <!---->
    </div>
  </div>
  <!---->
</div>
`;
