// Jest Snapshot v1, https://goo.gl/fbAQLP

exports[`Component is mounted properly 1`] = `
<span id="timeline"><div class="container"><div><div class="event__row"><div><p class="event__date">
						22/09/2020
					</p></div> <div class="timeline__container"><span class="event__pin"></span>
<div class="timeline"></div>
</div>
<div class="content__container">
  <div>
    <p class="content__title">
      Bloqueio nível 1
    </p>
  </div>
  <div class="content__text">
    Usuário: Uncle Bob
  </div>
  <hr>
</div>
</div>
</div>
<div>
  <div class="event__row">
    <div>
      <p class="event__date">
        22/09/2020
      </p>
    </div>
    <div class="timeline__container"><span class="event__pin"></span>
      <div class="timeline"></div>
    </div>
    <div class="content__container">
      <div>
        <p class="content__title">
          Bloqueio nível 1
        </p>
      </div>
      <div class="content__text">
        Usuário: Uncle Bob
      </div>
      <hr>
    </div>
  </div>
</div>
<div>
  <div class="event__row">
    <div>
      <p class="event__date">
        22/09/2020
      </p>
    </div>
    <div class="timeline__container"><span class="event__pin"></span>
      <!---->
    </div>
    <div class="content__container">
      <div>
        <p class="content__title">
          Bloqueio nível 1
        </p>
      </div>
      <div class="content__text">
        Usuário: Uncle Bob
      </div>
      <!---->
    </div>
  </div>
</div>
</div>
</span>
`;
