// Jest Snapshot v1, https://goo.gl/fbAQLP

exports[`TimeInput if component renders correctly 1`] = `
<div><label for="time-input" class="input__label">
    Test label

    <!---->
  </label>
  <div id="time-input" class="input__container">
    <div><input type="number" min="0" max="23" step="1" placeholder="00" class="input__time">
      :
      <input type="number" min="0" max="59" step="1" pattern="[0-9]*" placeholder="00" class="input__time">
    </div>
    <!---->
    <!---->
  </div>
  <!---->
</div>
`;
