// Jest Snapshot v1, https://goo.gl/fbAQLP

exports[`Component is mounted properly 1`] = `
<div class="upload-input text-center px-3">
  <div class="text-center px-2 py-4">
    <div class="custom-file b-form-file" style="display: none;"><input type="file" class="custom-file-input" style="z-index: -5;"><label data-browse="Browse" class="custom-file-label"><span class="d-block form-file-text" style="pointer-events: none;">No file chosen</span></label></div>
    <div><svg width="103" height="96" viewBox="0 0 103 96" fill="none" xmlns="http://www.w3.org/2000/svg" style="transform: scale(1);">
        <path d="M43.6196 87.2393C67.7101 87.2393 87.2393 67.7101 87.2393 43.6196C87.2393 19.5292 67.7101 0 43.6196 0C19.5292 0 0 19.5292 0 43.6196C0 67.7101 19.5292 87.2393 43.6196 87.2393Z" fill="#F0F5FF"></path>
        <path d="M56.6196 93.2393C80.7101 93.2393 100.239 73.7101 100.239 49.6196C100.239 25.5292 80.7101 6 56.6196 6C32.5292 6 13 25.5292 13 49.6196C13 73.7101 32.5292 93.2393 56.6196 93.2393Z" stroke="#3A7EDF" stroke-width="4" stroke-linecap="round" stroke-linejoin="round"></path>
        <path d="M74.0675 49.6196L56.6196 32.1718L39.1718 49.6196" stroke="#3A7EDF" stroke-width="4" stroke-linecap="round" stroke-linejoin="round"></path>
        <path d="M56.6196 67.0675V32.1718" stroke="#3A7EDF" stroke-width="4" stroke-linecap="round" stroke-linejoin="round"></path>
      </svg>
      <div class="upload-input__title-md mt-3">
        <div>
          Arraste o arquivo aqui ou
          <a href="javascript:void(0)" class="upload-input__search-link font-weight-bold">
            pesquise no seu computador
          </a>
        </div>
      </div>
    </div>
  </div>
</div>
`;
