// Vitest Snapshot v1

exports[`ActionsList snapshot test > renders correctly 1`] = `
"<span class=\\"action-list\\" data-v-99cceb08=\\"\\"><div class=\\"action-list--right\\" data-v-99cceb08=\\"\\"><div data-v-99cceb08=\\"\\"><transition-stub data-v-99cceb08=\\"\\"><div class=\\"action-list__item\\" data-v-99cceb08=\\"\\"><!-- @slot Scoped slot para renderização customizada das 'actions'.
							A propriedade 'list', que pode ser acessada através do slot,
							representa o array de actions a ser exibido.
						--></div></transition-stub></div><div data-v-99cceb08=\\"\\"><transition-stub data-v-99cceb08=\\"\\"><div class=\\"action-list__item--left-bordered\\" data-v-99cceb08=\\"\\"><!-- @slot Scoped slot para renderização customizada das 'actions'.
							A propriedade 'list', que pode ser acessada através do slot,
							representa o array de actions a ser exibido.
						--></div></transition-stub></div><div data-v-99cceb08=\\"\\"><transition-stub data-v-99cceb08=\\"\\"><!--v-if--></transition-stub></div><div data-v-99cceb08=\\"\\"><transition-stub data-v-99cceb08=\\"\\"><!--v-if--></transition-stub></div><div class=\\"action-list__item--left-bordered\\" data-v-99cceb08=\\"\\"><!-- @slot Slot para renderização customizada do conteúdo do item
					de expandir/colapsar a lista
				-->Mais ações</div></div></span>"
`;
