// Vitest Snapshot v1

exports[`ActionBar > renders correctly 1`] = `
VueWrapper {
  "__app": {
    "_component": [Object],
    "_container": <div … />,
    "_context": [Object],
    "_instance": [Object],
    "_props": null,
    "_uid": 0,
    "component": [Function],
    "config": [Object],
    "directive": [Function],
    "mixin": [Function],
    "mount": [Function],
    "provide": [Function],
    "unmount": [Function],
    "use": [Function],
    "version": "3.2.37",
  },
  "__setProps": [Function],
  "componentVM": {
    "actions": [Array],
    "dark": false,
    "dismissible": false,
    "float": false,
    "handleClose": [Function],
    "hasActionSlot": false,
    "hasOwnProperty": [Function],
    "internalShow": false,
    "show": false,
  },
  "isDisabled": [Function],
  "rootVM": {},
  "wrapperElement": <!--v-if-->,
}
`;
