// Vitest Snapshot v1

exports[`Alert snapshot test > renders correctly 1`] = `
"<span id=\\"alert\\" data-v-3f4a8ec2=\\"\\"><div class=\\"alert alert__container--info\\" data-v-3f4a8ec2=\\"\\"><div class=\\"alert__body\\" data-v-3f4a8ec2=\\"\\"><div data-v-3f4a8ec2=\\"\\"><svg xmlns=\\"http://www.w3.org/2000/svg\\" width=\\"24\\" height=\\"24\\" viewBox=\\"0 0 24 24\\" aria-labelledby=\\"info-outline\\" role=\\"presentation\\" class=\\"alert__icon--info\\" data-v-3f4a8ec2=\\"\\"><g fill=\\"currentColor\\"></g></svg></div><span class=\\"alert__text\\" data-v-3f4a8ec2=\\"\\">Texto do alerta</span></div>
<!--v-if-->
</div></span>"
`;
