// Vitest Snapshot v1

exports[`AlertCard snapshot test > renders correctly 1`] = `
VueWrapper {
  "__app": {
    "_component": [Object],
    "_container": <div … />,
    "_context": [Object],
    "_instance": [Object],
    "_props": null,
    "_uid": 0,
    "component": [Function],
    "config": [Object],
    "directive": [Function],
    "mixin": [Function],
    "mount": [Function],
    "provide": [Function],
    "unmount": [Function],
    "use": [Function],
    "version": "3.2.37",
  },
  "__setProps": [Function],
  "componentVM": {
    "alertCardContainerSelected": "",
    "dynamicIcon": "info-outline",
    "hasOwnProperty": [Function],
    "iconClass": "icon__container--info ",
    "isSelected": false,
    "muted": false,
    "noTitle": false,
    "selectCheckbox": [Function],
    "selectable": false,
    "subTitle": "Subtítulo do AlertCard",
    "title": "Título do AlertCard",
    "value": false,
    "variant": "info",
    "withIcon": true,
  },
  "isDisabled": [Function],
  "rootVM": {},
  "wrapperElement": <span
    data-v-45f89aca=""
    id="alert-card"
  >
    <div … />
  </span>,
}
`;
