// Vitest Snapshot v1

exports[`Badge > renders correctly 1`] = `
VueWrapper {
  "__app": {
    "_component": [Object],
    "_container": <div … />,
    "_context": [Object],
    "_instance": [Object],
    "_props": null,
    "_uid": 0,
    "component": [Function],
    "config": [Object],
    "directive": [Function],
    "mixin": [Function],
    "mount": [Function],
    "provide": [Function],
    "unmount": [Function],
    "use": [Function],
    "version": "3.2.37",
  },
  "__setProps": [Function],
  "componentVM": {
    "hasOwnProperty": [Function],
    "predefinedColors": [Array],
    "predefinedSizes": [Array],
    "predefinedStyle": "badge--gray badge--md",
    "size": "md",
    "variant": "gray",
  },
  "isDisabled": [Function],
  "rootVM": {},
  "wrapperElement": <div
    class="badge__container badge--gray badge--md"
    data-v-0d3d5e64=""
  >
    <div … />
  </div>,
}
`;
