// Vitest Snapshot v1, https://vitest.dev/guide/snapshot.html

exports[`Badge > renders correctly 1`] = `
"<div data-v-0d3d5e64="" class="badge__container badge--gray badge--md">
  <div data-v-0d3d5e64="" class="badge__content--md">
    <!--
				Evento que indica se a Badge foi clicada
				@event click
				@type {Event}
			-->Badge
  </div>
</div>"
`;
