// Vitest Snapshot v1

exports[`BarChart > renders correctly 1`] = `"<span data-v-9fd181ea=\\"\\"><div class=\\"responsive-container\\" data-v-9fd181ea=\\"\\"><bar-stub data=\\"[object Object]\\" options=\\"[object Object]\\" plugins=\\"\\" datasetidkey=\\"label\\" is=\\"bar\\" data-v-9fd181ea=\\"\\"></bar-stub></div></span>"`;
