// Vitest Snapshot v1

exports[`BarChart > renders correctly 1`] = `"<span data-v-9fd181ea=\\"\\"><div data-v-9fd181ea=\\"\\" class=\\"responsive-container\\"><bar-stub data-v-9fd181ea=\\"\\" data=\\"[object Object]\\" options=\\"[object Object]\\" plugins=\\"\\" datasetidkey=\\"label\\" is=\\"bar\\"></bar-stub></div></span>"`;
