// Vitest Snapshot v1, https://vitest.dev/guide/snapshot.html

exports[`BaseInput > renders correctly 1`] = `
"<div data-v-82c69faf="" class="base-input__container"><label data-v-c1eb01da="" data-v-82c69faf="" for="cds-base-input-text-base-input" class="label">
    <div data-v-c2ac4e6d="" data-v-c1eb01da="" class="flexbox label__content">
      <!-- @slot Slot com o conteúdo interno do FlexBox -->Label
      <!--v-if-->
      <!--v-if-->
    </div><span data-v-c1eb01da="" class="label__link"></span>
  </label>
  <div data-v-82c69faf="" class="base-input base-input--default">
    <!--v-if-->
    <div data-v-82c69faf="" style="width: 100%;">
      <!--v-if--><input data-v-82c69faf="" id="base-input" label="Label" hidelabel="false" state="default" type="text" placeholder="Digite aqui..." errormessage="Valor inválido" supportingtext="" fluid="false" tooltipicon="info-outline" floatinglabel="false" lazy="false" name="" enableautocomplete="false" enabletopcontent="false" class="base-input__field" autocomplete="off">
    </div>
    <!--v-if-->
    <!--v-if-->
  </div>
  <!--v-if-->
  <!--v-if-->
</div>"
`;
