// Vitest Snapshot v1, https://vitest.dev/guide/snapshot.html

exports[`Checkbox > renders correctly 1`] = `
"<div data-v-75623c80="" class="cds-checkbox__container">
  <div data-v-75623c80="" class="cds-checkbox__input"><input data-v-75623c80="" id="cds-checkbox-option-input" type="checkbox" name="cds-checkbox-option" value="false"><label data-v-75623c80="" for="cds-checkbox-option-input" class="cds-checkbox__input--green cds-checkbox__input--unchecked"></label></div><label data-v-75623c80="" class="cds-checkbox__label" for="cds-checkbox-option-input">checkbox test</label>
</div>"
`;
