// Vitest Snapshot v1, https://vitest.dev/guide/snapshot.html

exports[`CheckboxGroup > renders correctly 1`] = `
"<div data-v-5505c754="" class="checkbox__container"><label data-v-5505c754="" class="checkbox__label">Checkbox Group Test
    <!--v-if-->
  </label>
  <div data-v-5505c754="" class="checkbox__item">
    <div data-v-75623c80="" data-v-5505c754="" class="cds-checkbox__container" id="test-1">
      <div data-v-75623c80="" class="cds-checkbox__input"><input data-v-75623c80="" id="test-1" type="checkbox" name="cds-checkbox-option" value="false"><label data-v-75623c80="" for="test-1" class="cds-checkbox__input--green cds-checkbox__input--unchecked"></label></div><label data-v-75623c80="" class="cds-checkbox__label" for="test-1">Teste 1</label>
    </div>
  </div>
  <div data-v-5505c754="" class="checkbox__item">
    <div data-v-75623c80="" data-v-5505c754="" class="cds-checkbox__container" id="test-2">
      <div data-v-75623c80="" class="cds-checkbox__input"><input data-v-75623c80="" id="test-2" type="checkbox" name="cds-checkbox-option" value="false"><label data-v-75623c80="" for="test-2" class="cds-checkbox__input--green cds-checkbox__input--unchecked"></label></div><label data-v-75623c80="" class="cds-checkbox__label" for="test-2">Teste 2</label>
    </div>
  </div>
  <!--v-if-->
</div>"
`;
