// Vitest Snapshot v1

exports[`CollapsibleContainer > renders correctly 1`] = `
"<span id=\\"collapsible-container\\" value=\\"true\\"><div class=\\"collapsible-container__item\\"><span class=\\"collapsible-container__chevron--closed\\"></span>
<!-- @slot Slot para renderização do conteúdo do header/title customizado do item
			--><span class=\\"collapsible-container__title\\">Seu universo expandido</span></div>
<!--v-if--></span>"
`;
