// Vitest Snapshot v1

exports[`ColorPicker > renders correctly 1`] = `
"<div data-v-2c841161=\\"\\">
  <div class=\\"color-picker__label\\" data-v-2c841161=\\"\\">Label</div>
  <div class=\\"color-picker__container\\" data-v-2c841161=\\"\\">
    <div data-v-2c841161=\\"\\">
      <div class=\\"color-picker__swatch--#\\" data-v-2c841161=\\"\\">
        <!--v-if-->
      </div>
    </div>
    <div data-v-2c841161=\\"\\">
      <div class=\\"color-picker__swatch--0\\" data-v-2c841161=\\"\\">
        <!--v-if-->
      </div>
    </div>
    <div data-v-2c841161=\\"\\">
      <div class=\\"color-picker__swatch--0\\" data-v-2c841161=\\"\\">
        <!--v-if-->
      </div>
    </div>
    <div data-v-2c841161=\\"\\">
      <div class=\\"color-picker__swatch--0\\" data-v-2c841161=\\"\\">
        <!--v-if-->
      </div>
    </div>
    <div data-v-2c841161=\\"\\">
      <div class=\\"color-picker__swatch--0\\" data-v-2c841161=\\"\\">
        <!--v-if-->
      </div>
    </div>
    <div data-v-2c841161=\\"\\">
      <div class=\\"color-picker__swatch--0\\" data-v-2c841161=\\"\\">
        <!--v-if-->
      </div>
    </div>
    <div data-v-2c841161=\\"\\">
      <div class=\\"color-picker__swatch--0\\" data-v-2c841161=\\"\\">
        <!--v-if-->
      </div>
    </div>
  </div>
  <div class=\\"color-picker__container\\" data-v-2c841161=\\"\\">
    <div data-v-2c841161=\\"\\">
      <div class=\\"color-picker__swatch--#\\" data-v-2c841161=\\"\\">
        <!--v-if-->
      </div>
    </div>
    <div data-v-2c841161=\\"\\">
      <div class=\\"color-picker__swatch--0\\" data-v-2c841161=\\"\\">
        <!--v-if-->
      </div>
    </div>
    <div data-v-2c841161=\\"\\">
      <div class=\\"color-picker__swatch--0\\" data-v-2c841161=\\"\\">
        <!--v-if-->
      </div>
    </div>
    <div data-v-2c841161=\\"\\">
      <div class=\\"color-picker__swatch--0\\" data-v-2c841161=\\"\\">
        <!--v-if-->
      </div>
    </div>
    <div data-v-2c841161=\\"\\">
      <div class=\\"color-picker__swatch--0\\" data-v-2c841161=\\"\\">
        <!--v-if-->
      </div>
    </div>
    <div data-v-2c841161=\\"\\">
      <div class=\\"color-picker__swatch--0\\" data-v-2c841161=\\"\\">
        <!--v-if-->
      </div>
    </div>
    <div data-v-2c841161=\\"\\">
      <div class=\\"color-picker__swatch--0\\" data-v-2c841161=\\"\\">
        <!--v-if-->
      </div>
    </div>
  </div>
</div>"
`;
