// Vitest Snapshot v1

exports[`EmptyState > renders correctly 1`] = `
"<div class=\\"empty-state\\" data-v-f262d0f3=\\"\\">
  <!-- @slot Slot usado para inserção de conteúdo gráfico
			customizado como alternativa a imagem do empty-state. --><img class=\\"empty-state__image\\" src=\\"\\" alt=\\"Imagem de Empty State\\" data-v-f262d0f3=\\"\\">
  <div class=\\"empty-state__title\\" data-v-f262d0f3=\\"\\">EmptyState title</div>
  <div class=\\"empty-state__text\\" data-v-f262d0f3=\\"\\">
    <!-- @slot Slot usado para inserção de conteúdo customizado no texto do corpo do
				empty state. -->EmptyState text
  </div>
  <!--
			Evento emitido quando o botão do Empty State é clicado
			@event action-button-click
			@type {Event}
		--><button class=\\"button__container button--green--active button-size--md empty-state__button\\" data-v-3c9d0845=\\"\\" data-v-f262d0f3=\\"\\">
    <!--v-if-->
    <!-- @slot Slot padrão utilizado para exibir texto do botão. -->Finalizar
  </button>
</div>"
`;
