// Vitest Snapshot v1, https://vitest.dev/guide/snapshot.html

exports[`IconButton > renders correctly 1`] = `"<span data-v-f6045c74="" id="CdsIcon-button"><span data-v-f6045c74=""><button data-v-f6045c74="" class="CdsIcon-button__container CdsIcon-button--lg CdsIcon-button__container--white"><cds-icon-stub data-v-f6045c74="" name="trash-outline" width="24" height="24" color="currentColor" dark="false" light="false" class="CdsIcon-button__icon"></cds-icon-stub></button></span></span>"`;
