// Vitest Snapshot v1, https://vitest.dev/guide/snapshot.html

exports[`IconButton > renders correctly 1`] = `"<span data-v-f6045c74="" id="cds-icon-button"><span data-v-f6045c74=""><button data-v-f6045c74="" class="cds-icon-button__container cds-icon-button--lg cds-icon-button__container--white"><cds-icon-stub data-v-f6045c74="" name="trash-outline" width="24" height="24" color="currentColor" dark="false" light="false" class="cds-icon-button__icon"></cds-icon-stub></button></span></span>"`;
