// Vitest Snapshot v1

exports[`InnerTabs > renders correctly 1`] = `
VueWrapper {
  "__app": {
    "_component": [Object],
    "_container": <div … />,
    "_context": [Object],
    "_instance": [Object],
    "_props": null,
    "_uid": 0,
    "component": [Function],
    "config": [Object],
    "directive": [Function],
    "mixin": [Function],
    "mount": [Function],
    "provide": [Function],
    "unmount": [Function],
    "use": [Function],
    "version": "3.2.37",
  },
  "__setProps": [Function],
  "componentVM": {
    "activeBorderStyle": [Object],
    "activeTab": [Object],
    "colorHexCode": [Function],
    "colorOptions": [Array],
    "getSlotName": [Function],
    "handleClick": [Function],
    "hasOwnProperty": [Function],
    "internalActiveTab": [Object],
    "isActive": [Function],
    "tabs": [Array],
    "variant": "green",
  },
  "isDisabled": [Function],
  "rootVM": {},
  "wrapperElement": <div
    id="inner-tabs"
  >
    <div … />
    <div … />
  </div>,
}
`;
