// Vitest Snapshot v1

exports[`LineChart > renders correctly 1`] = `"<span data-v-e95cf64e=\\"\\"><div data-v-e95cf64e=\\"\\" class=\\"responsive-container\\"><line-stub data-v-e95cf64e=\\"\\" data=\\"[object Object]\\" options=\\"[object Object]\\" plugins=\\"\\" datasetidkey=\\"label\\"></line-stub></div></span>"`;
