// Vitest Snapshot v1

exports[`LineChart > renders correctly 1`] = `"<span data-v-e95cf64e=\\"\\"><div class=\\"responsive-container\\" data-v-e95cf64e=\\"\\"><line-stub data=\\"[object Object]\\" options=\\"[object Object]\\" plugins=\\"\\" datasetidkey=\\"label\\" data-v-e95cf64e=\\"\\"></line-stub></div></span>"`;
