// Vitest Snapshot v1

exports[`MobileNavigation > renders correctly 1`] = `
"<div class=\\"mobile-navigation mobile-navigation--dark\\" data-v-c1f5c1c8=\\"\\">
  <div class=\\"variant-resolver--green\\" data-v-c1f5c1c8=\\"\\">
    <div class=\\"mobile-navigation__header\\" data-v-c1f5c1c8=\\"\\">
      <div class=\\"mobile-navigation__logo\\" data-v-c1f5c1c8=\\"\\">
        <!-- @slot Slot para renderização do logo principal.--><img src=\\"\\" data-v-c1f5c1c8=\\"\\">
      </div>
      <div class=\\"mobile-navigation__title\\" data-v-c1f5c1c8=\\"\\">Vigilância Sanitária</div>
      <div class=\\"mobile-navigation__menu-btn\\" data-v-c1f5c1c8=\\"\\">
        <cds-icon-stub name=\\"menu-outline\\" width=\\"24\\" height=\\"24\\" color=\\"currentColor\\" dark=\\"false\\" light=\\"false\\" data-v-c1f5c1c8=\\"\\"></cds-icon-stub>
      </div>
    </div>
    <div class=\\"mobile-navigation__sidebar\\" data-v-c1f5c1c8=\\"\\">
      <div class=\\"mobile-navigation__sidebar-header\\" data-v-c1f5c1c8=\\"\\">
        <div class=\\"mobile-navigation__sidebar-logo\\" data-v-c1f5c1c8=\\"\\">
          <!-- @slot Slot para renderização do logo da sidebar.--><img src=\\"\\" data-v-c1f5c1c8=\\"\\">
        </div>
        <div class=\\"mobile-navigation__sidebar-btn\\" data-v-c1f5c1c8=\\"\\">
          <cds-icon-stub name=\\"menu-outline\\" width=\\"24\\" height=\\"24\\" color=\\"currentColor\\" dark=\\"false\\" light=\\"false\\" data-v-c1f5c1c8=\\"\\"></cds-icon-stub>
        </div>
      </div>
      <div class=\\"mobile-navigation__sidebar-content\\" data-v-c1f5c1c8=\\"\\">
        <div class=\\"mobile-navigation__sidebar-items\\" data-v-c1f5c1c8=\\"\\">
          <router-link to=\\"/home\\" class=\\"mobile-navigation__sidebar-item\\" data-v-c1f5c1c8=\\"\\">
            <cds-icon-stub name=\\"home-outline\\" width=\\"24\\" height=\\"24\\" color=\\"currentColor\\" dark=\\"false\\" light=\\"false\\" data-v-c1f5c1c8=\\"\\"></cds-icon-stub><span data-v-c1f5c1c8=\\"\\">Início</span>
          </router-link>
          <router-link to=\\"/visa\\" class=\\"mobile-navigation__sidebar-item mobile-navigation__sidebar-item--active\\" data-v-c1f5c1c8=\\"\\">
            <cds-icon-stub name=\\"shield-outline\\" width=\\"24\\" height=\\"24\\" color=\\"currentColor\\" dark=\\"false\\" light=\\"false\\" data-v-c1f5c1c8=\\"\\"></cds-icon-stub><span data-v-c1f5c1c8=\\"\\">Vigilância Sanitária</span>
          </router-link>
          <router-link to=\\"/regulation\\" class=\\"mobile-navigation__sidebar-item\\" data-v-c1f5c1c8=\\"\\">
            <cds-icon-stub name=\\"calendar-outline\\" width=\\"24\\" height=\\"24\\" color=\\"currentColor\\" dark=\\"false\\" light=\\"false\\" data-v-c1f5c1c8=\\"\\"></cds-icon-stub><span data-v-c1f5c1c8=\\"\\">Central de marcação</span>
          </router-link>
        </div>
        <div class=\\"mobile-navigation__sidebar-footer\\" data-v-c1f5c1c8=\\"\\">
          <div class=\\"mobile-navigation__sidebar-user-info\\" data-v-c1f5c1c8=\\"\\">
            <cds-avatar-stub variant=\\"green\\" size=\\"lg\\" src=\\"\\" name=\\"Joana Mendes\\" clickable=\\"false\\" data-v-c1f5c1c8=\\"\\"></cds-avatar-stub>
            <div class=\\"mobile-navigation__sidebar-user-text\\" data-v-c1f5c1c8=\\"\\">
              <p data-v-c1f5c1c8=\\"\\">Joana Mendes</p>
              <p data-v-c1f5c1c8=\\"\\">Administradora</p>
            </div>
          </div><button class=\\"mobile-navigation__sidebar-logout\\" data-v-c1f5c1c8=\\"\\">
            <cds-icon-stub name=\\"logout-outline\\" width=\\"24\\" height=\\"24\\" color=\\"currentColor\\" dark=\\"false\\" light=\\"false\\" data-v-c1f5c1c8=\\"\\"></cds-icon-stub>
          </button>
        </div>
      </div>
    </div>
  </div>
</div>"
`;
