// Vitest Snapshot v1, https://vitest.dev/guide/snapshot.html

exports[`MobileStepperInput > renders correctly 1`] = `
"<div data-v-962d09dd="" class="mobile-stepper-input__container">
  <div data-v-962d09dd="" class="mobile-stepper-input"><input data-v-962d09dd="" class="mobile-stepper-input__field mobile-stepper-input__field--undefined" type="number">
    <!--v-if-->
  </div>
  <icon-button-stub data-v-962d09dd="" size="lg" icon="minus-outline" disabled="false" feedbackonclick="false" feedbackicon="check-outline" variant="white"></icon-button-stub>
  <icon-button-stub data-v-962d09dd="" size="lg" icon="plus-outline" disabled="false" feedbackonclick="false" feedbackicon="check-outline" variant="white"></icon-button-stub>
</div>"
`;
