// Vitest Snapshot v1

exports[`PanelCard > renders correctly 1`] = `
"<div class=\\"box--gray panel-card\\" data-v-f9290560=\\"\\" data-v-9994fd39=\\"\\">
  <!--
		Evento emitido quando o wrapper é clicado
		@event cds-click
		@type {Event}
	-->
  <div class=\\"clickable__container--not-clickable box__container\\" data-v-f9290560=\\"\\">
    <!-- @slot Slot utilizado para renderização do conteúdo interno do Box.-->
    <div class=\\"spacer\\" data-v-9cc3ee57=\\"\\" data-v-f9290560=\\"\\">
      <div class=\\"panel-card__header\\" data-v-9994fd39=\\"\\">
        <div data-v-9994fd39=\\"\\"><span class=\\"panel-card__title\\" data-v-9994fd39=\\"\\">Redes</span><br data-v-9994fd39=\\"\\"><span class=\\"panel-card__subtitle\\" data-v-9994fd39=\\"\\">Habilite as redes da regulação</span></div>
        <div data-v-9994fd39=\\"\\">
          <!-- @slot Slot usado para inserção de elemento à direita no header. -->
        </div>
      </div>
      <div class=\\"divider__container\\" data-v-9994fd39=\\"\\">
        <div></div>
        <hr class=\\"divider divider--dimmed\\">
      </div>
      <div class=\\"panel-card__content\\" data-v-9994fd39=\\"\\">
        <!-- @slot Slot usado para inserção de conteúdo customizado. -->
      </div>
    </div>
  </div>
</div>"
`;
