// Vitest Snapshot v1

exports[`PasswordInput > If component renders correctly 1`] = `
"<div data-v-41502f2c=\\"\\"><span data-v-41502f2c=\\"\\"><label class=\\"password-input__label\\" data-v-41502f2c=\\"\\"><div class=\\"password-input__label__content\\" for=\\"cds-password-input\\" data-v-41502f2c=\\"\\"><span data-v-41502f2c=\\"\\">Label</span>
  <!--v-if-->
  <!--v-if-->
</div></label></span>
<div class=\\"password-input\\" data-v-41502f2c=\\"\\"><input id=\\"cds-password-input\\" type=\\"password\\" placeholder=\\"Digite aqui a informação\\" class=\\"password-input__field\\" data-v-41502f2c=\\"\\">
  <!--v-if-->
</div>
<!--v-if-->
</div>"
`;
