// Vitest Snapshot v1

exports[`PieChart > renders correctly 1`] = `"<span data-v-218ded1e=\\"\\"><div class=\\"responsive-container\\" data-v-218ded1e=\\"\\"><pie-stub data=\\"[object Object]\\" options=\\"[object Object]\\" plugins=\\"\\" datasetidkey=\\"label\\" data-v-218ded1e=\\"\\"></pie-stub></div></span>"`;
