// Vitest Snapshot v1

exports[`PieChart > renders correctly 1`] = `"<span data-v-218ded1e=\\"\\"><div data-v-218ded1e=\\"\\" class=\\"responsive-container\\"><pie-stub data-v-218ded1e=\\"\\" data=\\"[object Object]\\" options=\\"[object Object]\\" plugins=\\"\\" datasetidkey=\\"label\\"></pie-stub></div></span>"`;
