// Vitest Snapshot v1

exports[`PolarAreaChart > renders correctly 1`] = `"<span data-v-d3067411=\\"\\"><div class=\\"responsive-container\\" data-v-d3067411=\\"\\"><polar-area-stub data=\\"[object Object]\\" options=\\"[object Object]\\" plugins=\\"\\" datasetidkey=\\"label\\" data-v-d3067411=\\"\\"></polar-area-stub></div></span>"`;
