// Vitest Snapshot v1

exports[`ProgressCircular > renders correctly 1`] = `
"<svg class=\\"progress-circular progress-circular--md\\" viewBox=\\"0 0 36 36\\">
  <path class=\\"progress-circular__ring-background\\" stroke-width=\\"3.5\\" d=\\"M18 2.0845
			a 15.9155 15.9155 0 0 1 0 31.831
			a 15.9155 15.9155 0 0 1 0 -31.831\\"></path>
  <path class=\\"progress-circular__ring-progress--green\\" stroke-dasharray=\\"0.67, 100\\" stroke-width=\\"2.5\\" style=\\"--indicatorColor: #2AC092;\\" d=\\"M18 2.0845
			a 15.9155 15.9155 0 0 1 0 31.831
			a 15.9155 15.9155 0 0 1 0 -31.831\\"></path><text x=\\"18\\" y=\\"21.7\\" class=\\"progress-circular__label--reduced\\">1%</text>
</svg>"
`;
