// Vitest Snapshot v1

exports[`ProgressBar > renders correctly 1`] = `
"<div data-v-84df1bb9=\\"\\" class=\\"progress-bar\\" percentage=\\"0.67\\">
  <!--v-if-->
  <div data-v-84df1bb9=\\"\\" class=\\"progress-bar__content\\">
    <div data-v-84df1bb9=\\"\\" class=\\"progress-bar__indicator--green\\" style=\\"--width: 0%; --leftMargin: 10; --bottomMargin: 2;\\"></div>
  </div>
</div>"
`;
