// Vitest Snapshot v1

exports[`ProgressBar > renders correctly 1`] = `
"<div class=\\"progress-bar\\" percentage=\\"0.67\\" data-v-84df1bb9=\\"\\">
  <!--v-if-->
  <div class=\\"progress-bar__content\\" data-v-84df1bb9=\\"\\">
    <div class=\\"progress-bar__indicator--green\\" style=\\"--width: 0%; --leftMargin: 10; --bottomMargin: 2;\\" data-v-84df1bb9=\\"\\"></div>
  </div>
</div>"
`;
