// Vitest Snapshot v1

exports[`RadioButtonGroup > renders correctly 1`] = `"<span id=\\"radioButton\\" value=\\"\\"><div class=\\"\\"><div class=\\"\\"><label class=\\"radio-button\\" disabled=\\"true\\" for=\\"value1\\"><input id=\\"value1\\" type=\\"radio\\" disabled=\\"\\" value=\\"value1\\"><label class=\\"radio-button__content\\" for=\\"value1\\">Component1</label></label></div><div class=\\"\\"><label class=\\"radio-button\\" disabled=\\"false\\" for=\\"value2\\"><input id=\\"value2\\" type=\\"radio\\" value=\\"value2\\"><label class=\\"radio-button__content\\" for=\\"value2\\">Component2</label></label></div><div class=\\"\\"><label class=\\"radio-button\\" disabled=\\"false\\" for=\\"value3\\"><input id=\\"value3\\" type=\\"radio\\" value=\\"value3\\"><label class=\\"radio-button__content\\" for=\\"value3\\">Component3</label></label></div></div></span>"`;
