// Vitest Snapshot v1

exports[`Scrollable > renders correctly 1`] = `"<span id=\\"scrollable\\" data-v-5e315bd5=\\"\\"><div class=\\"scrollable__container\\" style=\\"max-height: 200px; height: 200px;\\" data-v-5e315bd5=\\"\\"><!-- @slot Slot com o conteúdo que você deseja que seja scrollable --></div></span>"`;
