// Vitest Snapshot v1

exports[`Scrollable > renders correctly 1`] = `
VueWrapper {
  "__app": {
    "_component": [Object],
    "_container": <div … />,
    "_context": [Object],
    "_instance": [Object],
    "_props": null,
    "_uid": 0,
    "component": [Function],
    "config": [Object],
    "directive": [Function],
    "mixin": [Function],
    "mount": [Function],
    "provide": [Function],
    "unmount": [Function],
    "use": [Function],
    "version": "3.2.37",
  },
  "__setProps": [Function],
  "componentVM": {
    "autoHeight": false,
    "hasOwnProperty": [Function],
    "maxHeight": "300px",
  },
  "isDisabled": [Function],
  "rootVM": {},
  "wrapperElement": <span
    data-v-5e315bd5=""
    id="scrollable"
    label="Label"
    options="[object Object],[object Object]"
    value="[object Object]"
  >
    <div … />
  </span>,
}
`;
