// Vitest Snapshot v1

exports[`Scrollable > renders correctly 1`] = `"<span data-v-5e315bd5=\\"\\" id=\\"scrollable\\" label=\\"Label\\" options=\\"[object Object],[object Object]\\" value=\\"[object Object]\\"><div data-v-5e315bd5=\\"\\" class=\\"scrollable__container\\" style=\\"max-height: 300px; height: 300px;\\"><!-- @slot Slot com o conteúdo que você deseja que seja scrollable --></div></span>"`;
