// Vitest Snapshot v1

exports[`TextInput > renders correctly 1`] = `
"<div data-v-d8d9f755=\\"\\" tabs=\\"[object Object],[object Object],[object Object],[object Object]\\" activetab=\\"[object Object]\\"><span data-v-d8d9f755=\\"\\"><label data-v-d8d9f755=\\"\\" class=\\"text-input__label\\"><div data-v-d8d9f755=\\"\\" class=\\"label__content\\" for=\\"cds-text-input\\"><span data-v-d8d9f755=\\"\\">Label</span>
  <!--v-if-->
  <!--v-if-->
</div>
<!--v-if--></label></span>
<div data-v-d8d9f755=\\"\\" class=\\"text-input\\"><input data-v-d8d9f755=\\"\\" id=\\"cds-text-input\\" placeholder=\\"Digite aqui a informação\\" class=\\"text-input__field\\" type=\\"text\\">
  <div data-v-d8d9f755=\\"\\" class=\\"text-input__icon-container\\">
    <!--v-if-->
    <!--v-if-->
    <!--v-if-->
  </div>
</div>
<!--v-if-->
</div>"
`;
