// Vitest Snapshot v1

exports[`TextInput > renders correctly 1`] = `
VueWrapper {
  "__app": {
    "_component": [Object],
    "_container": <div … />,
    "_context": [Object],
    "_instance": [Object],
    "_props": null,
    "_uid": 0,
    "component": [Function],
    "config": [Object],
    "directive": [Function],
    "mixin": [Function],
    "mount": [Function],
    "provide": [Function],
    "unmount": [Function],
    "use": [Function],
    "version": "3.2.37",
  },
  "__setProps": [Function],
  "componentVM": {
    "disabled": false,
    "errorMessage": "Valor inválido",
    "errorState": false,
    "fluid": false,
    "hasOwnProperty": [Function],
    "hasSlots": false,
    "inputClass": "text-input__field",
    "internalValue": "",
    "isBeingFocused": false,
    "label": "Label",
    "labelDynamicClass": "text-input__label",
    "linkText": "#",
    "linkUrl": "https://cuida.framer.wiki/",
    "loadingState": false,
    "mask": null,
    "modelValue": "",
    "placeholder": "Digite aqui a informação",
    "required": false,
    "state": "default",
    "stepperInputDynamicClass": "text-input",
    "tooltip": null,
    "tooltipIcon": "info-outline",
    "validState": false,
  },
  "isDisabled": [Function],
  "rootVM": {},
  "wrapperElement": <div
    activetab="[object Object]"
    data-v-d8d9f755=""
    tabs="[object Object],[object Object],[object Object],[object Object]"
  >
    <span … />
    <div … />
    <!--v-if-->
  </div>,
}
`;
