// Vitest Snapshot v1, https://vitest.dev/guide/snapshot.html

exports[`TextArea > renders correctly 1`] = `
"<div id="text-area">
  <div data-v-82c69faf="" class="base-input__container"><label data-v-c1eb01da="" data-v-82c69faf="" for="cds-base-input-textarea-text-area" class="label">
      <div data-v-c2ac4e6d="" data-v-c1eb01da="" class="flexbox label__content">
        <!-- @slot Slot com o conteúdo interno do FlexBox -->Label
        <!--v-if-->
        <!--v-if-->
      </div><span data-v-c1eb01da="" class="label__link"></span>
    </label>
    <div data-v-82c69faf="" class="base-input base-input--default">
      <!--v-if--><textarea data-v-82c69faf="" id="cds-base-input-textarea-text-area" placeholder="Digite aqui a descrição" class="base-input__field" type="textarea"></textarea>
      <!--v-if-->
      <!--v-if-->
    </div>
    <!--v-if-->
    <!--v-if-->
  </div>
</div>"
`;
