// Vitest Snapshot v1, https://vitest.dev/guide/snapshot.html

exports[`TextInput > renders correctly 1`] = `
"<div data-v-82c69faf="" id="text-input" inputtype="text" linkurl="https://cuida.framer.wiki/" mobile="false"><label data-v-82c69faf="" class="base-input__label" for="cds-base-input-text-input"><span data-v-82c69faf="" class="label__content">Label <!--v-if--><!--v-if--></span>
    <!--v-if-->
  </label>
  <div data-v-82c69faf="" class="base-input base-input--default">
    <!--v-if--><input data-v-82c69faf="" id="cds-base-input-text-input" placeholder="Digite aqui a informação" class="base-input__field" type="text">
    <!--v-if-->
    <!--v-if-->
  </div>
  <!--v-if-->
  <!--v-if-->
</div>"
`;
