// Vitest Snapshot v1

exports[`TimeInput > renders correctly 1`] = `
"<div data-v-362c4bdd=\\"\\"><label class=\\"input__label\\" data-v-362c4bdd=\\"\\">
    <div class=\\"label__content\\" for=\\"time-input\\" data-v-362c4bdd=\\"\\"><span data-v-362c4bdd=\\"\\">Test label</span>
      <!--v-if-->
    </div>
  </label>
  <div id=\\"time-input\\" class=\\"input__container\\" data-v-362c4bdd=\\"\\">
    <div data-v-362c4bdd=\\"\\"><input id=\\"time-input-start-hour\\" class=\\"input__time\\" type=\\"text\\" min=\\"0\\" max=\\"23\\" step=\\"1\\" placeholder=\\"00\\" data-v-362c4bdd=\\"\\"> : <input id=\\"time-input-start-minute\\" class=\\"input__time\\" type=\\"text\\" min=\\"0\\" max=\\"59\\" step=\\"1\\" placeholder=\\"00\\" data-v-362c4bdd=\\"\\"></div>
    <!--v-if-->
    <!--v-if-->
  </div>
  <!--v-if-->
</div>"
`;
