// Vitest Snapshot v1

exports[`Timeline > renders correctly 1`] = `
"<div class=\\"cds-timeline\\" history=\\"[object Object],[object Object],[object Object],[object Object],[object Object]\\">
  <!-- @slot Conteúdo a ser colocar na Timeline. Suporta o \`TimelineItem\` como subcomponente.  -->
</div>"
`;
