// Vitest Snapshot v1

exports[`Wizard > renders correctly 1`] = `
"<div data-v-61a7952a=\\"\\" class=\\"cds-wizard\\">
  <div data-v-61a7952a=\\"\\" class=\\"cds-wizard__container\\">
    <div data-v-f9290560=\\"\\" data-v-61a7952a=\\"\\" class=\\"box--elevated\\">
      <!--
		Evento emitido quando o wrapper é clicado
		@event cds-click
		@type {Event}
	-->
      <div data-v-f9290560=\\"\\" class=\\"clickable__container--not-clickable box__container\\">
        <!-- @slot Slot utilizado para renderização do conteúdo interno do Box.-->
        <div data-v-9cc3ee57=\\"\\" data-v-f9290560=\\"\\" class=\\"spacer\\"><span data-v-61a7952a=\\"\\">Dummy title without subtitle<div data-v-61a7952a=\\"\\" class=\\"cds-wizard__content\\"><p>Dummy content 1</p></div></span></div>
      </div>
    </div>
    <div data-v-f9290560=\\"\\" data-v-61a7952a=\\"\\" class=\\"box--gray cds-wizard__empty-state-box\\">
      <!--
		Evento emitido quando o wrapper é clicado
		@event cds-click
		@type {Event}
	-->
      <div data-v-f9290560=\\"\\" class=\\"clickable__container--not-clickable box__container\\">
        <!-- @slot Slot utilizado para renderização do conteúdo interno do Box.-->
        <div data-v-9cc3ee57=\\"\\" data-v-f9290560=\\"\\" class=\\"spacer\\">
          <div data-v-61a7952a=\\"\\" class=\\"cds-wizard__empty-state\\">
            <!--v-if-->
            <div data-v-61a7952a=\\"\\" class=\\"cds-wizard__empty-state-title\\">Dummy title 2</div>
            <div data-v-61a7952a=\\"\\" class=\\"cds-wizard__empty-state-subtitle\\">Preencha todos os campos obrigatórios da etapa anterior para
              liberar a seção de dummy title 2</div>
          </div>
        </div>
      </div>
    </div>
    <div data-v-f9290560=\\"\\" data-v-61a7952a=\\"\\" class=\\"box--gray cds-wizard__empty-state-box\\">
      <!--
		Evento emitido quando o wrapper é clicado
		@event cds-click
		@type {Event}
	-->
      <div data-v-f9290560=\\"\\" class=\\"clickable__container--not-clickable box__container\\">
        <!-- @slot Slot utilizado para renderização do conteúdo interno do Box.-->
        <div data-v-9cc3ee57=\\"\\" data-v-f9290560=\\"\\" class=\\"spacer\\">
          <div data-v-61a7952a=\\"\\" class=\\"cds-wizard__empty-state\\">
            <!--v-if-->
            <div data-v-61a7952a=\\"\\" class=\\"cds-wizard__empty-state-title\\">Dummy title 3</div>
            <div data-v-61a7952a=\\"\\" class=\\"cds-wizard__empty-state-subtitle\\">Preencha todos os campos obrigatórios da etapa anterior para
              liberar a seção de dummy title 3</div>
          </div>
        </div>
      </div>
    </div>
  </div>
  <div data-v-61a7952a=\\"\\" class=\\"cds-wizard__buttons\\"><button data-v-3c9d0845=\\"\\" data-v-61a7952a=\\"\\" class=\\"button__container button--secondary--active button-size--md\\">
      <!--v-if-->
      <!-- @slot Slot padrão utilizado para exibir texto do botão. -->Anterior
    </button><button data-v-3c9d0845=\\"\\" data-v-61a7952a=\\"\\" class=\\"button__container button--green--active button-size--md\\">
      <!--v-if-->
      <!-- @slot Slot padrão utilizado para exibir texto do botão. -->Próximo
    </button></div>
</div>"
`;
