// Vitest Snapshot v1, https://vitest.dev/guide/snapshot.html

exports[`Wizard > renders correctly 1`] = `
"<div data-v-61a7952a="" class="cds-wizard">
  <div data-v-61a7952a="" class="cds-wizard__container">
    <div data-v-61a7952a="" class="cds-wizard__box cds-wizard__elevated" fluid="" clickable="false"><span data-v-61a7952a="">Dummy title without subtitle<div data-v-61a7952a="" class="cds-wizard__content"><p>Dummy content 1</p></div></span></div>
    <div data-v-61a7952a="" class="cds-wizard__box cds-wizard__empty-state-box" fluid="" clickable="false">
      <div data-v-61a7952a="" class="cds-wizard__empty-state">
        <!--v-if-->
        <div data-v-61a7952a="" class="cds-wizard__empty-state-title">Dummy title 2</div>
        <div data-v-61a7952a="" class="cds-wizard__empty-state-subtitle">Preencha todos os campos obrigatórios da etapa anterior para
          liberar a seção de dummy title 2</div>
      </div>
    </div>
    <div data-v-61a7952a="" class="cds-wizard__box cds-wizard__empty-state-box" fluid="" clickable="false">
      <div data-v-61a7952a="" class="cds-wizard__empty-state">
        <!--v-if-->
        <div data-v-61a7952a="" class="cds-wizard__empty-state-title">Dummy title 3</div>
        <div data-v-61a7952a="" class="cds-wizard__empty-state-subtitle">Preencha todos os campos obrigatórios da etapa anterior para
          liberar a seção de dummy title 3</div>
      </div>
    </div>
  </div>
  <div data-v-61a7952a="" class="cds-wizard__buttons"><button data-v-3c9d0845="" data-v-61a7952a="" class="button__container button--secondary--active button-size--md">
      <!--v-if-->
      <!-- @slot Slot padrão utilizado para exibir texto do botão. -->Anterior
    </button><button data-v-3c9d0845="" data-v-61a7952a="" class="button__container button--green--active button-size--md">
      <!--v-if-->
      <!-- @slot Slot padrão utilizado para exibir texto do botão. -->Próximo
    </button></div>
</div>"
`;
